// Jest Snapshot v1, https://goo.gl/fbAQLP

exports[`Converter Component should match a snapshot 1`] = `
{
  "asFragment": [Function],
  "baseElement": <body>
    <div>
      <span
        class="title"
      >
        Converter
      </span>
      <section
        class="content"
        data-cy="converter-modal-wrapper"
        data-testid="converter-modal-wrapper"
      >
        <section
          class="user"
        >
          <span
            class="symbol"
          >
            USD
            :
          </span>
          <input
            class="amount"
            data-cy="converter-input"
            data-testid="converter-input"
            type="number"
            value="0"
          />
        </section>
        <div
          class="selectBlock"
        >
          <span
            class="to"
          >
            to:
          </span>
          <select
            class="select"
            data-cy="converter-select"
            data-testid="converter-select"
          >
            <option
              value="first"
            >
              Select, please
            </option>
            <option
              value="AUD"
            >
              AUD
               (
              Australian Dollar
              )
            </option>
            <option
              value="BTC"
            >
              BTC
               (
              Bitcoin
              )
            </option>
            <option
              value="ARS"
            >
              ARS
               (
              Argetine Peso
              )
            </option>
            <option
              value="CAD"
            >
              CAD
               (
              Canadian Dollar
              )
            </option>
            <option
              value="EUR"
            >
              EUR
               (
              Euro
              )
            </option>
            <option
              value="TRY"
            >
              TRY
               (
              Libra
              )
            </option>
            <option
              value="KRW"
            >
              KRW
               (
              Won
              )
            </option>
            <option
              value="JPY"
            >
              JPY
               (
              Yen
              )
            </option>
          </select>
        </div>
      </section>
      <span
        class="result"
        data-cy="conversion-result"
        data-testid="conversion-result"
        role="presentation"
      >
        0
         
      </span>
    </div>
  </body>,
  "container": <div>
    <span
      class="title"
    >
      Converter
    </span>
    <section
      class="content"
      data-cy="converter-modal-wrapper"
      data-testid="converter-modal-wrapper"
    >
      <section
        class="user"
      >
        <span
          class="symbol"
        >
          USD
          :
        </span>
        <input
          class="amount"
          data-cy="converter-input"
          data-testid="converter-input"
          type="number"
          value="0"
        />
      </section>
      <div
        class="selectBlock"
      >
        <span
          class="to"
        >
          to:
        </span>
        <select
          class="select"
          data-cy="converter-select"
          data-testid="converter-select"
        >
          <option
            value="first"
          >
            Select, please
          </option>
          <option
            value="AUD"
          >
            AUD
             (
            Australian Dollar
            )
          </option>
          <option
            value="BTC"
          >
            BTC
             (
            Bitcoin
            )
          </option>
          <option
            value="ARS"
          >
            ARS
             (
            Argetine Peso
            )
          </option>
          <option
            value="CAD"
          >
            CAD
             (
            Canadian Dollar
            )
          </option>
          <option
            value="EUR"
          >
            EUR
             (
            Euro
            )
          </option>
          <option
            value="TRY"
          >
            TRY
             (
            Libra
            )
          </option>
          <option
            value="KRW"
          >
            KRW
             (
            Won
            )
          </option>
          <option
            value="JPY"
          >
            JPY
             (
            Yen
            )
          </option>
        </select>
      </div>
    </section>
    <span
      class="result"
      data-cy="conversion-result"
      data-testid="conversion-result"
      role="presentation"
    >
      0
       
    </span>
  </div>,
  "debug": [Function],
  "findAllByAltText": [Function],
  "findAllByDisplayValue": [Function],
  "findAllByLabelText": [Function],
  "findAllByPlaceholderText": [Function],
  "findAllByRole": [Function],
  "findAllByTestId": [Function],
  "findAllByText": [Function],
  "findAllByTitle": [Function],
  "findByAltText": [Function],
  "findByDisplayValue": [Function],
  "findByLabelText": [Function],
  "findByPlaceholderText": [Function],
  "findByRole": [Function],
  "findByTestId": [Function],
  "findByText": [Function],
  "findByTitle": [Function],
  "getAllByAltText": [Function],
  "getAllByDisplayValue": [Function],
  "getAllByLabelText": [Function],
  "getAllByPlaceholderText": [Function],
  "getAllByRole": [Function],
  "getAllByTestId": [Function],
  "getAllByText": [Function],
  "getAllByTitle": [Function],
  "getByAltText": [Function],
  "getByDisplayValue": [Function],
  "getByLabelText": [Function],
  "getByPlaceholderText": [Function],
  "getByRole": [Function],
  "getByTestId": [Function],
  "getByText": [Function],
  "getByTitle": [Function],
  "queryAllByAltText": [Function],
  "queryAllByDisplayValue": [Function],
  "queryAllByLabelText": [Function],
  "queryAllByPlaceholderText": [Function],
  "queryAllByRole": [Function],
  "queryAllByTestId": [Function],
  "queryAllByText": [Function],
  "queryAllByTitle": [Function],
  "queryByAltText": [Function],
  "queryByDisplayValue": [Function],
  "queryByLabelText": [Function],
  "queryByPlaceholderText": [Function],
  "queryByRole": [Function],
  "queryByTestId": [Function],
  "queryByText": [Function],
  "queryByTitle": [Function],
  "rerender": [Function],
  "unmount": [Function],
}
`;
