// Jest Snapshot v1, https://goo.gl/fbAQLP

exports[`Currency card component should match snapshot 1`] = `undefined`;
